[     310ms] [VERBOSE] [DOM] Input elements should have autocomplete attributes (suggested: "current-password"): (More info: https://goo.gl/9p2vKq) %o @ https://www.saucedemo.com/:0
[    1226ms] [ERROR] Failed to load resource: the server responded with a status of 401 (Unauthorized) @ https://events.backtrace.io/api/unique-events/submit?universe=UNIVERSE&token=TOKEN:0
[    1767ms] [ERROR] Failed to load resource: the server responded with a status of 401 (Unauthorized) @ https://events.backtrace.io/api/summed-events/submit?universe=UNIVERSE&token=TOKEN:0
[   12755ms] [ERROR] Failed to load resource: the server responded with a status of 401 (Unauthorized) @ https://events.backtrace.io/api/unique-events/submit?universe=UNIVERSE&token=TOKEN:0
[   13239ms] [ERROR] Failed to load resource: the server responded with a status of 401 (Unauthorized) @ https://events.backtrace.io/api/summed-events/submit?universe=UNIVERSE&token=TOKEN:0
[   34203ms] [ERROR] Failed to load resource: the server responded with a status of 401 (Unauthorized) @ https://events.backtrace.io/api/unique-events/submit?universe=UNIVERSE&token=TOKEN:0
[   34707ms] [ERROR] Failed to load resource: the server responded with a status of 401 (Unauthorized) @ https://events.backtrace.io/api/summed-events/submit?universe=UNIVERSE&token=TOKEN:0
[ 1863066ms] [ERROR] Failed to load resource: net::ERR_NAME_NOT_RESOLVED @ https://events.backtrace.io/api/unique-events/submit?universe=UNIVERSE&token=TOKEN:0
[ 1863101ms] [ERROR] Failed to load resource: net::ERR_NAME_NOT_RESOLVED @ https://events.backtrace.io/api/summed-events/submit?universe=UNIVERSE&token=TOKEN:0
[14879484ms] [ERROR] Failed to load resource: net::ERR_INTERNET_DISCONNECTED @ https://events.backtrace.io/api/unique-events/submit?universe=UNIVERSE&token=TOKEN:0
[14879486ms] [ERROR] Failed to load resource: net::ERR_INTERNET_DISCONNECTED @ https://events.backtrace.io/api/summed-events/submit?universe=UNIVERSE&token=TOKEN:0
[14879491ms] [ERROR] Failed to load resource: net::ERR_INTERNET_DISCONNECTED @ https://events.backtrace.io/api/unique-events/submit?universe=UNIVERSE&token=TOKEN:0
[14879492ms] [ERROR] Failed to load resource: net::ERR_INTERNET_DISCONNECTED @ https://events.backtrace.io/api/summed-events/submit?universe=UNIVERSE&token=TOKEN:0
[17017687ms] [ERROR] Failed to load resource: net::ERR_NETWORK_CHANGED @ https://events.backtrace.io/api/unique-events/submit?universe=UNIVERSE&token=TOKEN:0
[17017739ms] [ERROR] Failed to load resource: net::ERR_NETWORK_CHANGED @ https://events.backtrace.io/api/unique-events/submit?universe=UNIVERSE&token=TOKEN:0
[17017773ms] [ERROR] Failed to load resource: net::ERR_NETWORK_CHANGED @ https://events.backtrace.io/api/summed-events/submit?universe=UNIVERSE&token=TOKEN:0
[17017792ms] [ERROR] Failed to load resource: net::ERR_NETWORK_CHANGED @ https://events.backtrace.io/api/unique-events/submit?universe=UNIVERSE&token=TOKEN:0
[17017799ms] [ERROR] Failed to load resource: net::ERR_NETWORK_CHANGED @ https://events.backtrace.io/api/summed-events/submit?universe=UNIVERSE&token=TOKEN:0
[17017805ms] [ERROR] Failed to load resource: net::ERR_NETWORK_CHANGED @ https://events.backtrace.io/api/summed-events/submit?universe=UNIVERSE&token=TOKEN:0
[17029285ms] [ERROR] Failed to load resource: the server responded with a status of 401 (Unauthorized) @ https://events.backtrace.io/api/unique-events/submit?universe=UNIVERSE&token=TOKEN:0
[17029373ms] [ERROR] Failed to load resource: the server responded with a status of 401 (Unauthorized) @ https://events.backtrace.io/api/summed-events/submit?universe=UNIVERSE&token=TOKEN:0
[17039287ms] [ERROR] Failed to load resource: the server responded with a status of 401 (Unauthorized) @ https://events.backtrace.io/api/unique-events/submit?universe=UNIVERSE&token=TOKEN:0
[17039300ms] [ERROR] Failed to load resource: the server responded with a status of 401 (Unauthorized) @ https://events.backtrace.io/api/summed-events/submit?universe=UNIVERSE&token=TOKEN:0
[17050397ms] [ERROR] Failed to load resource: the server responded with a status of 401 (Unauthorized) @ https://events.backtrace.io/api/unique-events/submit?universe=UNIVERSE&token=TOKEN:0
[17051162ms] [ERROR] Failed to load resource: the server responded with a status of 401 (Unauthorized) @ https://events.backtrace.io/api/summed-events/submit?universe=UNIVERSE&token=TOKEN:0
[18024130ms] [ERROR] Failed to load resource: the server responded with a status of 401 (Unauthorized) @ https://events.backtrace.io/api/unique-events/submit?universe=UNIVERSE&token=TOKEN:0
[18024621ms] [ERROR] Failed to load resource: the server responded with a status of 401 (Unauthorized) @ https://events.backtrace.io/api/summed-events/submit?universe=UNIVERSE&token=TOKEN:0
[18035527ms] [ERROR] Failed to load resource: the server responded with a status of 401 (Unauthorized) @ https://events.backtrace.io/api/unique-events/submit?universe=UNIVERSE&token=TOKEN:0
[18037320ms] [ERROR] Failed to load resource: the server responded with a status of 401 (Unauthorized) @ https://events.backtrace.io/api/summed-events/submit?universe=UNIVERSE&token=TOKEN:0
[18057335ms] [ERROR] Failed to load resource: the server responded with a status of 401 (Unauthorized) @ https://events.backtrace.io/api/unique-events/submit?universe=UNIVERSE&token=TOKEN:0
[18058996ms] [ERROR] Failed to load resource: the server responded with a status of 401 (Unauthorized) @ https://events.backtrace.io/api/summed-events/submit?universe=UNIVERSE&token=TOKEN:0
